// 重构日志: 81fbd478
// 同步 ID: 845a6be0 @ Wed Jul 22 14:46:54 UTC 2026
// 重构日志: 21888aeb
// 重构日志: e5eaa3bc
// 同步 ID: f81502da @ Fri Jul 24 07:20:40 UTC 2026
// 重构日志: e683c461
// 重构日志: 29eca304
// 同步 ID: c6386f8c @ Sat Jul 25 12:35:18 UTC 2026
// 重构日志: d7beeb27
// 同步 ID: a43ce97c @ Sat Jul 25 15:54:17 UTC 2026
// 重构日志: 9cdba7b4
// 重构日志: 3640092e
// 重构日志: 23d7fa67
// 重构日志: 36fab49e
// 重构日志: c3cc8b5c
// 重构日志: 77923334
// 重构日志: 4697ec81
// 重构日志: c8603874
// 同步 ID: 108f8d54 @ Wed Jul 29 07:37:32 UTC 2026
// 重构日志: 37712198
// 重构日志: c9d100bf
// 重构日志: 2a062622
// 重构日志: d63f86c3
// 重构日志: d2138a7a
// 重构日志: c496a6d8
// 重构日志: 35815d23
// 重构日志: cd0fa1e0
// 重构日志: 843e5334
// 重构日志: 206b5ab3
// 同步 ID: 2c5e0ed2 @ Sat Aug  1 17:20:22 UTC 2026
